09:52:05 [sample 1s] слайд  круг 0: heap 4.1 МБ, рендерер 175 МБ, узлов 2897, слушателей 763, видео 17/17 играют, отсоединённых 0, GL 0/0, rAF в ожидании 0, интервалов 0, анимаций 36
09:52:05 === круг 1 ===
09:52:35 [sample 31s] слайд 01 круг 1: heap 4.2 МБ, рендерер 167 МБ, узлов 2897, слушателей 763, видео 17/17 играют, отсоединённых 0, GL 0/0, rAF в ожидании 0, интервалов 0, анимаций 36
09:53:05 [sample 61s] слайд 01 круг 1: heap 4.1 МБ, рендерер 156 МБ, узлов 2897, слушателей 763, видео 17/17 играют, отсоединённых 0, GL 0/0, rAF в ожидании 0, интервалов 0, анимаций 36
09:53:05   01: стойка 60 с, главный поток 14.5%, GPU ?%, fps 119.3
09:53:35 [sample 91s] слайд 08 круг 1: heap 5.7 МБ, рендерер 158 МБ, узлов 336, слушателей 339, видео 0/0 играют, отсоединённых 0, GL 0/0, rAF в ожидании 1, интервалов 0, анимаций 0
09:54:05 [sample 121s] слайд 10 круг 1: heap 6.2 МБ, рендерер 167 МБ, узлов 356, слушателей 341, видео 0/0 играют, отсоединённых 0, GL 0/0, rAF в ожидании 2, интервалов 0, анимаций 0
09:54:35 [sample 151s] слайд 10 круг 1: heap 6.5 МБ, рендерер 164 МБ, узлов 356, слушателей 341, видео 0/0 играют, отсоединённых 0, GL 0/0, rAF в ожидании 2, интервалов 0, анимаций 0
09:54:48   10: стойка 60 с, главный поток 10.9%, GPU ?%, fps 114.1
09:55:05 [sample 181s] слайд 10v круг 1: heap 6.2 МБ, рендерер 166 МБ, узлов 394, слушателей 341, видео 0/0 играют, отсоединённых 0, GL 0/0, rAF в ожидании 2, интервалов 0, анимаций 0
09:55:35 [sample 211s] слайд 10v круг 1: heap 6.8 МБ, рендерер 166 МБ, узлов 394, слушателей 341, видео 0/0 играют, отсоединённых 0, GL 0/0, rAF в ожидании 2, интервалов 0, анимаций 0
09:55:49   10v: стойка 60 с, главный поток 11.7%, GPU ?%, fps 118.6
09:56:05 [sample 241s] слайд 11 круг 1: heap 12.8 МБ, рендерер 200 МБ, узлов 273, слушателей 324, видео 0/0 играют, отсоединённых 0, GL 0/0, rAF в ожидании 2, интервалов 0, анимаций 0
09:56:35 [sample 271s] слайд 11 круг 1: heap 14.9 МБ, рендерер 203 МБ, узлов 273, слушателей 324, видео 0/0 играют, отсоединённых 0, GL 0/0, rAF в ожидании 2, интервалов 0, анимаций 0
09:56:58   11: стойка 60 с, главный поток 50.9%, GPU ?%, fps 86.4
09:57:05 [sample 301s] слайд 13 круг 1: heap 6.4 МБ, рендерер 203 МБ, узлов 360, слушателей 341, видео 0/0 играют, отсоединённых 0, GL 0/0, rAF в ожидании 1, интервалов 0, анимаций 0
09:57:35 [sample 331s] слайд 14 круг 1: heap 6.3 МБ, рендерер 180 МБ, узлов 374, слушателей 341, видео 0/0 играют, отсоединённых 0, GL 0/0, rAF в ожидании 2, интервалов 0, анимаций 0
09:58:05 [sample 361s] слайд 14 круг 1: heap 6.2 МБ, рендерер 178 МБ, узлов 374, слушателей 341, видео 0/0 играют, отсоединённых 0, GL 0/0, rAF в ожидании 2, интервалов 0, анимаций 0
09:58:06   14: стойка 60 с, главный поток 11.2%, GPU ?%, fps 101.9
09:58:35 [sample 391s] слайд 23 круг 1: heap 6 МБ, рендерер 176 МБ, узлов 452, слушателей 359, видео 1/0 играют, отсоединённых 0, GL 0/0, rAF в ожидании 1, интервалов 0, анимаций 0
09:59:05 [sample 421s] слайд 23 круг 1: heap 6 МБ, рендерер 176 МБ, узлов 452, слушателей 353, видео 1/0 играют, отсоединённых 0, GL 0/0, rAF в ожидании 1, интервалов 0, анимаций 0
09:59:24   23: стойка 60 с, главный поток 6.8%, GPU ?%, fps 89.1
09:59:35 [sample 451s] слайд pr круг 1: heap 14.5 МБ, рендерер 214 МБ, узлов 313, слушателей 334, видео 0/0 играют, отсоединённых 0, GL 0/0, rAF в ожидании 2, интервалов 0, анимаций 5
10:00:05 [sample 481s] слайд pr круг 1: heap 11.4 МБ, рендерер 222 МБ, узлов 303, слушателей 324, видео 0/0 играют, отсоединённых 0, GL 0/0, rAF в ожидании 2, интервалов 0, анимаций 0
10:00:33   pr: стойка 60 с, главный поток 58.8%, GPU ?%, fps 102.3
10:00:35 [sample 511s] слайд lv круг 1: heap 5.5 МБ, рендерер 270 МБ, узлов 416, слушателей 350, видео 1/0 играют, отсоединённых 0, GL 0/0, rAF в ожидании 1, интервалов 0, анимаций 1
10:01:05 [sample 541s] слайд lv круг 1: heap 6.4 МБ, рендерер 225 МБ, узлов 416, слушателей 348, видео 1/0 играют, отсоединённых 0, GL 0/0, rAF в ожидании 1, интервалов 0, анимаций 0
10:01:33   lv: стойка 60 с, главный поток 8.1%, GPU ?%, fps 108.7
10:01:35 [sample 571s] слайд 22 круг 1: heap 5.4 МБ, рендерер 202 МБ, узлов 434, слушателей 353, видео 1/1 играют, отсоединённых 0, GL 0/0, rAF в ожидании 1, интервалов 0, анимаций 5
10:02:05 [sample 601s] слайд 22 круг 1: heap 5.5 МБ, рендерер 194 МБ, узлов 434, слушателей 345, видео 1/1 играют, отсоединённых 0, GL 0/0, rAF в ожидании 1, интервалов 0, анимаций 0
10:02:34   22: стойка 60 с, главный поток 7.5%, GPU ?%, fps 110.1
10:02:35 [sample 631s] слайд 22r круг 1: heap 5.8 МБ, рендерер 204 МБ, узлов 577, слушателей 374, видео 0/0 играют, отсоединённых 1, GL 0/0, rAF в ожидании 2, интервалов 0, анимаций 10
10:03:05 [sample 661s] слайд 22r круг 1: heap 5.6 МБ, рендерер 195 МБ, узлов 380, слушателей 341, видео 0/0 играют, отсоединённых 0, GL 0/0, rAF в ожидании 2, интервалов 0, анимаций 0
10:03:34   22r: стойка 60 с, главный поток 10.8%, GPU ?%, fps 106.2
10:03:35 [sample 691s] слайд 44 круг 1: heap 6.2 МБ, рендерер 206 МБ, узлов 393, слушателей 346, видео 0/0 играют, отсоединённых 0, GL 0/0, rAF в ожидании 2, интервалов 0, анимаций 1
10:04:05 [sample 721s] слайд 44 круг 1: heap 9.5 МБ, рендерер 205 МБ, узлов 322, слушателей 322, видео 0/0 играют, отсоединённых 0, GL 0/0, rAF в ожидании 2, интервалов 0, анимаций 0
10:04:34   44: стойка 60 с, главный поток 13.9%, GPU ?%, fps 117.1
10:04:35 [sample 751s] слайд 50 круг 1: heap 6.1 МБ, рендерер 213 МБ, узлов 335, слушателей 327, видео 0/0 играют, отсоединённых 0, GL 0/0, rAF в ожидании 2, интервалов 0, анимаций 1
10:05:05 [sample 781s] слайд 30 круг 1: heap 5.5 МБ, рендерер 204 МБ, узлов 443, слушателей 345, видео 1/1 играют, отсоединённых 0, GL 0/0, rAF в ожидании 1, интервалов 0, анимаций 0
10:05:35 [sample 811s] слайд 30 круг 1: heap 5.9 МБ, рендерер 204 МБ, узлов 443, слушателей 345, видео 1/1 играют, отсоединённых 0, GL 0/0, rAF в ожидании 1, интервалов 0, анимаций 0
10:05:39   30: стойка 60 с, главный поток 7.1%, GPU ?%, fps 118.6
10:06:05 [sample 841s] слайд 33 круг 1: heap 14 МБ, рендерер 236 МБ, узлов 271, слушателей 322, видео 0/0 играют, отсоединённых 0, GL 0/0, rAF в ожидании 1, интервалов 0, анимаций 0
10:06:35 [sample 871s] слайд 33 круг 1: heap 15.5 МБ, рендерер 246 МБ, узлов 271, слушателей 322, видео 0/0 играют, отсоединённых 0, GL 0/0, rAF в ожидании 1, интервалов 0, анимаций 0
10:06:48   33: стойка 60 с, главный поток 61.8%, GPU ?%, fps 119.5
10:07:05 [sample 901s] слайд 35 круг 1: heap 7.4 МБ, рендерер 258 МБ, узлов 523, слушателей 345, видео 1/1 играют, отсоединённых 0, GL 0/0, rAF в ожидании 1, интервалов 0, анимаций 0
10:07:35 [sample 931s] слайд 35 круг 1: heap 6.5 МБ, рендерер 213 МБ, узлов 523, слушателей 345, видео 1/1 играют, отсоединённых 0, GL 0/0, rAF в ожидании 1, интервалов 0, анимаций 0
10:07:57   35: стойка 60 с, главный поток 11.6%, GPU ?%, fps 106
10:08:05 [sample 961s] слайд 37 круг 1: heap 7.1 МБ, рендерер 215 МБ, узлов 367, слушателей 328, видео 0/0 играют, отсоединённых 0, GL 0/0, rAF в ожидании 1, интервалов 0, анимаций 2
10:08:35 [sample 991s] слайд 37w круг 1: heap 6.5 МБ, рендерер 211 МБ, узлов 330, слушателей 334, видео 0/0 играют, отсоединённых 0, GL 0/0, rAF в ожидании 1, интервалов 0, анимаций 0
10:09:05 [sample 1021s] слайд 37w круг 1: heap 6.3 МБ, рендерер 210 МБ, узлов 330, слушателей 334, видео 0/0 играют, отсоединённых 0, GL 0/0, rAF в ожидании 1, интервалов 0, анимаций 0
10:09:06   37w: стойка 60 с, главный поток 7.6%, GPU ?%, fps 125.2
10:09:35 [sample 1051s] слайд 36 круг 1: heap 7.7 МБ, рендерер 219 МБ, узлов 494, слушателей 361, видео 1/0 играют, отсоединённых 0, GL 0/0, rAF в ожидании 1, интервалов 0, анимаций 0
10:10:05 [sample 1081s] слайд 36 круг 1: heap 7.2 МБ, рендерер 217 МБ, узлов 494, слушателей 346, видео 1/0 играют, отсоединённых 0, GL 0/0, rAF в ожидании 1, интервалов 0, анимаций 0
10:10:28   36: стойка 60 с, главный поток 6.6%, GPU ?%, fps 119.8
10:10:35 [sample 1111s] слайд 41 круг 1: heap 7.3 МБ, рендерер 221 МБ, узлов 389, слушателей 346, видео 0/0 играют, отсоединённых 0, GL 0/0, rAF в ожидании 1, интервалов 0, анимаций 0
10:11:05 [sample 1141s] слайд 51 круг 1: heap 11.1 МБ, рендерер 250 МБ, узлов 271, слушателей 322, видео 0/0 играют, отсоединённых 0, GL 0/0, rAF в ожидании 1, интервалов 0, анимаций 0
10:11:35 [sample 1171s] слайд 51 круг 1: heap 19 МБ, рендерер 260 МБ, узлов 271, слушателей 322, видео 0/0 играют, отсоединённых 0, GL 0/0, rAF в ожидании 1, интервалов 0, анимаций 0
10:11:41   51: стойка 60 с, главный поток 61.8%, GPU ?%, fps 120.9
10:12:05 [sample 1201s] слайд 57g круг 1: heap 6.3 МБ, рендерер 246 МБ, узлов 427, слушателей 347, видео 1/1 играют, отсоединённых 0, GL 0/0, rAF в ожидании 1, интервалов 0, анимаций 0
